


ARM Macro Assembler    Page 1 


    1 00000000                 AREA             Prog2, CODE, READONLY
    2 00000000                 ENTRY
    3 00000000         
    4 00000000 E3A0600A        MOV              r6, #10     ; load 10 into r6  
                                                            
    5 00000004 E1A04006        MOV              r4, r6      ; copy n into a tem
                                                            p register    
    6 00000008 E2544001 
                       loop    SUBS             r4, r4, #1  ; decrement next mu
                                                            ltiplier  
    7 0000000C 10060694        MULNE            r6, r4, r6  ; perform multiply 
                                                             
    8 00000010 1AFFFFFC        BNE              loop        ; go again if not c
                                                            omplete   
    9 00000014 EAFFFFFE 
                       stop    B                stop
   10 00000018                 END
Command Line: --debug --xref --apcs=interwork --depend=.\tut3_1.d -o.\tut3_1.o 
-IC:\Keil\ARM\RV31\INC -IC:\Keil\ARM\CMSIS\Include -IC:\Keil\ARM\Inc\Philips --
predefine="__EVAL SETA 1" --list=.\tut3_1.lst tut3_1.s



ARM Macro Assembler    Page 1 Alphabetic symbol ordering
Relocatable symbols

Prog2 00000000

Symbol: Prog2
   Definitions
      At line 1 in file tut3_1.s
   Uses
      None
Comment: Prog2 unused
loop 00000008

Symbol: loop
   Definitions
      At line 6 in file tut3_1.s
   Uses
      At line 8 in file tut3_1.s
Comment: loop used once
stop 00000014

Symbol: stop
   Definitions
      At line 9 in file tut3_1.s
   Uses
      At line 9 in file tut3_1.s
Comment: stop used once
3 symbols
334 symbols in table
