


ARM Macro Assembler    Page 1 


    1 00000000                 AREA             lab1, CODE
    2 00000000                 ENTRY
    3 00000000         
    4 00000000         ; Initialize a table of 20 consecutive, starting from 1,
                        using DCD in read-only memory.
    5 00000000         ; Computes the addition of only even numbers in a count-
                       up loop in R6
    6 00000000 E28F0050        ADR              r0, table
    7 00000004 E4903004        LDR              r3, [r0], #4 ; increment add by
                                                             1 so loop starts a
                                                            t #2
    8 00000008 E3A01000        MOV              r1, #0      ; counter
    9 0000000C E3A06000        MOV              r6, #0
   10 00000010         
   11 00000010 E4903008 
                       loop    LDR              r3, [r0], #8 ; post-index
   12 00000014 E0866003        ADD              r6, r6, r3  ; r6=r6+r3
   13 00000018 E2811001        ADD              r1, r1, #1  ; i++
   14 0000001C E351000A        CMP              r1, #10
   15 00000020 BAFFFFFA        BLT              loop
   16 00000024         
   17 00000024         ; Multiply the number in R6 with 0xFFFF 1234 and store t
                       he result in R8
   18 00000024 E3E02000        MOV              r2, #0xFFFFFFFF ; load -1
   19 00000028 E1A07786        MOV              r7, r6, LSL #15
   20 0000002C E0877706        ADD              r7, r7, r6, LSL #14
   21 00000030 E0877686        ADD              r7, r7, r6, LSL #13
   22 00000034 E0877586        ADD              r7, r7, r6, LSL #11
   23 00000038 E0877506        ADD              r7, r7, r6, LSL #10
   24 0000003C E0877406        ADD              r7, r7, r6, LSL #8
   25 00000040 E0877386        ADD              r7, r7, r6, LSL #7
   26 00000044 E0877306        ADD              r7, r7, r6, LSL #6
   27 00000048 E0877186        ADD              r7, r7, r6, LSL #3
   28 0000004C E0877106        ADD              r7, r7, r6, LSL #2
   29 00000050 E0080297        MUL              r8, r7, r2  ; r8=r8*r2
   30 00000054         
   31 00000054 EAFFFFFE 
                       stop    B                stop
   32 00000058 00000001 
              00000002 
              00000003 
              00000004 
              00000005 
              00000006 
              00000007 
              00000008 
              00000009 
              0000000A 
              0000000B 
              0000000C 
              0000000D 
              0000000E 
              0000000F 
              00000010 
              00000011 
              00000012 
              00000013 
              00000014 table   DCD              1, 2, 3, 4, 5, 6, 7, 8, 9, 10, 
11, 12, 13, 14, 15, 16, 17, 18, 19, 20



ARM Macro Assembler    Page 2 


   33 000000A8                 END
Command Line: --debug --xref --apcs=interwork --depend=.\lab1.d -o.\lab1.o -IC:
\Keil\ARM\RV31\INC -IC:\Keil\ARM\CMSIS\Include -IC:\Keil\ARM\Inc\Philips --pred
efine="__EVAL SETA 1" --list=.\lab1.lst lab1.s



ARM Macro Assembler    Page 1 Alphabetic symbol ordering
Relocatable symbols

lab1 00000000

Symbol: lab1
   Definitions
      At line 1 in file lab1.s
   Uses
      None
Comment: lab1 unused
loop 00000010

Symbol: loop
   Definitions
      At line 11 in file lab1.s
   Uses
      At line 15 in file lab1.s
Comment: loop used once
stop 00000054

Symbol: stop
   Definitions
      At line 31 in file lab1.s
   Uses
      At line 31 in file lab1.s
Comment: stop used once
table 00000058

Symbol: table
   Definitions
      At line 32 in file lab1.s
   Uses
      At line 6 in file lab1.s
Comment: table used once
4 symbols
335 symbols in table
